Archive member included because of file (symbol)

C:\nburn/lib/MOD5441X.a(bsp.o)
                              c:/nburn/gcc-m68k/bin/../lib/gcc/m68k-elf/4.2.1/../../../../m68k-elf/lib/m5206e\nb-crt0.o (atexit)
C:\nburn/lib/MOD5441X.a(flash.o)
                              C:\nburn/lib/MOD5441X.a(bsp.o) (FlashErase)
C:\nburn/lib/MOD5441X.a(pins.o)
                              LCD.o (PinIO::set(unsigned char))
C:\nburn/lib/MOD5441X.a(dspi.o)
                              LCD.o (DSPIInit(unsigned char, unsigned long, unsigned char, unsigned char, unsigned char, unsigned char, unsigned char, unsigned char, unsigned char, unsigned char))
C:\nburn/lib/NetBurner.a(ucosmcfa.o)
                              C:\nburn/lib/MOD5441X.a(bsp.o) (OSCtxSw)
C:\nburn/lib/NetBurner.a(software_init.o)
                              c:/nburn/gcc-m68k/bin/../lib/gcc/m68k-elf/4.2.1/../../../../m68k-elf/lib/m5206e\nb-crt0.o (software_init_hook)
C:\nburn/lib/NetBurner.a(ucos.o)
                              C:\nburn/lib/MOD5441X.a(dspi.o) (OSIntNesting)
C:\nburn/lib/NetBurner.a(debugtrap.o)
                              C:\nburn/lib/MOD5441X.a(bsp.o) (SetAddressReadRangeTrap)
C:\nburn/lib/NetBurner.a(ucosmain.o)
                              C:\nburn/lib/MOD5441X.a(bsp.o) (critical_count)
C:\nburn/lib/NetBurner.a(fileio.o)
                              C:\nburn/lib/NetBurner.a(ucosmain.o) (ioctl)
C:\nburn/lib/NetBurner.a(main.o)
                              c:/nburn/gcc-m68k/bin/../lib/gcc/m68k-elf/4.2.1/../../../../m68k-elf/lib/m5206e\nb-crt0.o (main)
C:\nburn/lib/NetBurner.a(ip.o)
                              lab5.o (InitializeStack(unsigned long, unsigned long, unsigned long, unsigned long))
C:\nburn/lib/NetBurner.a(buffers.o)
                              C:\nburn/lib/NetBurner.a(ip.o) (FreeBuffer)
C:\nburn/lib/NetBurner.a(arp.o)
                              C:\nburn/lib/NetBurner.a(ip.o) (wArpLifetime)
C:\nburn/lib/NetBurner.a(udp.o)
                              C:\nburn/lib/NetBurner.a(ip.o) (process_udp(pool_buffer*, IPPKT*, unsigned short))
C:\nburn/lib/NetBurner.a(tcp.o)
                              C:\nburn/lib/NetBurner.a(ip.o) (DumpTcpPacket(IPPKT*))
C:\nburn/lib/NetBurner.a(http.o)
                              lab5.o (StartHTTP)
C:\nburn/lib/NetBurner.a(httpinternal.o)
                              formcode.o (SetNewPostHandler)
C:\nburn/lib/NetBurner.a(httpstricmp.o)
                              C:\nburn/lib/NetBurner.a(httpinternal.o) (httpstricmp)
C:\nburn/lib/NetBurner.a(htmldecomp.o)
                              C:\nburn/lib/NetBurner.a(httpinternal.o) (SendHeaderResponse(char*, int))
C:\nburn/lib/NetBurner.a(iosys.o)
                              C:\nburn/lib/NetBurner.a(tcp.o) (FD_ZERO)
C:\nburn/lib/NetBurner.a(autoip.o)
                              C:\nburn/lib/NetBurner.a(arp.o) (AutoIPClient::addressCollision())
C:\nburn/lib/NetBurner.a(netinterface.o)
                              C:\nburn/lib/NetBurner.a(ip.o) (GetFirstInterface())
C:\nburn/lib/NetBurner.a(taskmon.o)
                              lab5.o (EnableTaskMonitor())
C:\nburn/lib/NetBurner.a(smarttrap.o)
                              lab5.o (EnableSmartTraps())
C:\nburn/lib/NetBurner.a(autoupdate.o)
                              lab5.o (EnableAutoUpdate)
C:\nburn/lib/NetBurner.a(device.o)
                              C:\nburn/lib/NetBurner.a(main.o) (DeviceInitializeSem)
C:\nburn/lib/NetBurner.a(nbiprintf.o)
                              lab5.o (iprintf)
C:\nburn/lib/NetBurner.a(nbsiprintf.o)
                              C:\nburn/lib/NetBurner.a(httpinternal.o) (siprintf)
C:\nburn/lib/NetBurner.a(nbsprintf.o)
                              lab5.o (snprintf)
C:\nburn/lib/NetBurner.a(websocket_handler.o)
                              C:\nburn/lib/NetBurner.a(httpinternal.o) (TheWSHandler)
C:\nburn/lib/NetBurner.a(ucosmcfc.o)
                              C:\nburn/lib/NetBurner.a(ucos.o) (OSTaskCreatewName)
C:\nburn/lib/NetBurner.a(system.o)
                              C:\nburn/lib/NetBurner.a(udp.o) (isvalidcr)
C:\nburn/lib/NetBurner.a(utils.o)
                              C:\nburn/lib/NetBurner.a(system.o) (AsciiToIp)
C:\nburn/lib/NetBurner.a(extraio.o)
                              C:\nburn/lib/NetBurner.a(httpinternal.o) (GetExtraInterface)
C:\nburn/lib/NetBurner.a(new_ops.o)
                              C:\nburn/lib/NetBurner.a(autoip.o) (operator new(unsigned long))
C:\nburn/lib/NetBurner.a(nbfloatprint.o)
                              C:\nburn/lib/NetBurner.a(nbsprintf.o) (TheFloatPrintf(char, int (*)(void*, char const*, int), void*, double, pfstate&))
C:\nburn/lib/MOD5441X.a(localio.o)
                              C:\nburn/lib/NetBurner.a(fileio.o) (LocalInByte)
C:\nburn/lib/MOD5441X.a(serial.o)
                              C:\nburn/lib/NetBurner.a(fileio.o) (SerialClose)
C:\nburn/lib/MOD5441X.a(ethernet.o)
[...]
Memory Configuration

Name             Origin             Length             Attributes
ram              0x40000400         0x03fffcff         xrw
SRAM             0x80000400         0x0000fbf0         xrw
*default*        0x00000000         0xffffffff

Linker script and memory map

LOAD c:/nburn/gcc-m68k/bin/../lib/gcc/m68k-elf/4.2.1/../../../../m68k-elf/lib/m5206e\nb-crt0.o
LOAD c:/nburn/gcc-m68k/bin/../lib/gcc/m68k-elf/4.2.1/m5206e/crtbegin.o
LOAD lab5.o
LOAD formdata.o
LOAD formcode.o
LOAD error_wrapper.o
LOAD Stepper.o
LOAD LCD.o
LOAD Keypad.o
LOAD AD.o
LOAD htmldata.o
LOAD C:\nburn/MOD5441X/lib/sys.ld
                0x40000000                ovector_base = 0x40000000
                0x80000000                vector_base = 0x80000000
                0x80000400                SRAM_START_ADDR = 0x80000400
                0x80010000                SRAM_END_ADDR = 0x80010000
                0xc0000000                gConfigRec = 0xc0000000
                0xc0020000                UserParamBase = 0xc0020000
                0xc0040000                FlashAppBase = 0xc0040000
                0x8c000000                sim_rgpio = 0x8c000000
                0xec008000                sim1 = 0xec008000
                0xfc004000                sim2 = 0xfc004000
                0xfc0d4008                DBETHER_EMIR_REG = 0xfc0d4008
START GROUP
LOAD C:\nburn/lib/MOD5441X.a
LOAD C:\nburn/lib/NetBurner.a
LOAD C:\nburn/lib/FatFile.a
LOAD C:\nburn\lib\cryptolib.a
LOAD C:\nburn\lib\debugLibrary.a
LOAD C:\nburn\lib\Lua_Full.a
LOAD C:\nburn\lib\nb-libxively.a
LOAD C:\nburn\lib\nbwifilib.a
LOAD C:\nburn\lib\webclient.a
END GROUP
LOAD c:/nburn/gcc-m68k/bin/../lib/gcc/m68k-elf/4.2.1/../../../../m68k-elf/lib/m5206e\libstdc++.a
LOAD c:/nburn/gcc-m68k/bin/../lib/gcc/m68k-elf/4.2.1/../../../../m68k-elf/lib/m5206e\libm.a
LOAD c:/nburn/gcc-m68k/bin/../lib/gcc/m68k-elf/4.2.1/m5206e\libgcc.a
LOAD c:/nburn/gcc-m68k/bin/../lib/gcc/m68k-elf/4.2.1/../../../../m68k-elf/lib/m5206e\libc.a
LOAD c:/nburn/gcc-m68k/bin/../lib/gcc/m68k-elf/4.2.1/m5206e\libgcc.a
LOAD c:/nburn/gcc-m68k/bin/../lib/gcc/m68k-elf/4.2.1/m5206e/crtend.o
START GROUP
LOAD c:/nburn/gcc-m68k/bin/../lib/gcc/m68k-elf/4.2.1/../../../../m68k-elf/lib/m5206e\libc.a
LOAD c:/nburn/gcc-m68k/bin/../lib/gcc/m68k-elf/4.2.1/m5206e\libgcc.a
LOAD c:/nburn/gcc-m68k/bin/../lib/gcc/m68k-elf/4.2.1/../../../../m68k-elf/lib/m5206e\libm.a
END GROUP
                0x00000000                __DYNAMIC = 0x0
                0x44000000                PROVIDE (__stack, 0x44000000)
                0x00000000                PROVIDE (hardware_init_hook, 0x0)
                0x00000000                PROVIDE (_hardware_init_hook, 0x0)
                0x00000000                PROVIDE (software_init_hook, 0x0)
                0x00000000                PROVIDE (_software_init_hook, 0x0)

.SRAM_SECT      0x80000400     0x8df0
                0x80000400                SRAM_START = .
 *(SYS_VAR_SECT)
 SYS_VAR_SECT   0x80000400      0x3b0 C:\nburn/lib/MOD5441X.a(dspi.o)
                0x80000404                fakeRXData
                0x800007a0                DSPIModule::lastCxts
                0x80000408                DSPIModule::driverCxt
                0x80000400                fakeTXData
 SYS_VAR_SECT   0x800007b0      0x238 C:\nburn/lib/NetBurner.a(ucos.o)
                0x800008dc                TimeTick
                0x800008cc                OSLockNesting
                0x800008d6                OSRunning
                0x800008b8                OSTCBList
                0x800008e0                OSMapTbl
                0x800008d8                Secs
                0x800008c4                OSTCBFreeList
                0x800008d4                OSISRLevel
                0x800008c0                OSTCBHighRdy
                0x800008d0                OSRdyGrp
                0x800008e8                OSUnMapTbl
                0x800008b0                OSRdyTbl
                0x800008c8                OSIntNesting
                0x800008bc                OSTCBCur
                0x800007b0                OSTCBPrioTbl
 SYS_VAR_SECT   0x800009e8      0x1ac C:\nburn/lib/NetBurner.a(ucosmain.o)
                0x800009e8                OSTcbStructSize
                0x80000a00                critical_count
                0x80000a04                OSTCBTbl
 SYS_VAR_SECT   0x80000b94       0x1c C:\nburn/lib/NetBurner.a(fileio.o)
                0x80000ba0                pExtraFdFunc
                0x80000ba4                fd_map
 SYS_VAR_SECT   0x80000bb0       0x20 C:\nburn/lib/NetBurner.a(iosys.o)
                0x80000bb0                read_file_sets
                0x80000bc0                error_file_sets
                0x80000bb8                write_file_sets
                0x80000bd0                SYS_VAR_SECT_END = .
                0x80000bd0                . = ALIGN (0x10)
 *(IDLE_STK_SECT)
                0x80000bd0                IDLE_STK_SECT_END = .
                0x80000bd0                . = ALIGN (0x10)
 *(MAIN_STK_SECT)
 MAIN_STK_SECT  0x80000bd0     0x2000 C:\nburn/lib/NetBurner.a(main.o)
                0x80000bd0                MainStk
                0x80002bd0                MAIN_STK_SECT_END = .
                0x80002bd0                . = ALIGN (0x4)
 *(ETHER_VAR_SECT)
 ETHER_VAR_SECT
                0x80002bd0      0x252 C:\nburn/lib/MOD5441X.a(ethernet.o)
                0x80002e10                FecFifo
                0x80002bd0                enet0
                0x80002cf0                enet1
                0x80002e22                ETHER_VAR_SECT_END = .
                0x80002e30                . = ALIGN (0x10)
 *fill*         0x80002e22        0xe 00
 *(ETHER_STK_SECT)
 ETHER_STK_SECT
                0x80002e30     0x2000 C:\nburn/lib/MOD5441X.a(ethernet.o)
                0x80002e30                EtherSendStk
                0x80004e30                ETHER_STK_SECT_END = .
                0x80004e30                . = ALIGN (0x4)
 *(IP_VAR_SECT)
 IP_VAR_SECT    0x80004e30      0x2fe C:\nburn/lib/NetBurner.a(ip.o)
                0x80004e4e                pDHCPServerTick
                0x80004e32                bTTL_Default
                0x80005126                next_arp_time
                0x80004e34                ipRxFifo
                0x80004e6a                multi_home_if_record
                0x80004e46                IcmpFifo
                0x80004e66                nAdditional_Homes
                0x80004e30                wGlobalPktId
                0x80004e5a                pPromisciousPacketFunc
                0x80004e62                pFragFunc
                0x80004e5e                pMultiCastFunc
                0x8000512a                delay
                0x80004e56                pAutoIPTick
                0x80004e52                pMultiTick
                0x80004e4a                pDHCPTick
                0x80004e92                multi_if_block
 IP_VAR_SECT    0x8000512e       0x78 C:\nburn/lib/NetBurner.a(udp.o)
                0x800051a2                UdpNetbiosNameServicePtr
                0x8000519a                pDHCPServerProcessFunction
                0x8000512e                udp_fifos
                0x80005196                pDHCPProcessFunction
                0x8000519e                pTaskPacketFunc
                0x80005192                UDP_fifos_used
                0x800051a6                IP_VAR_SECT_END = .
                0x800051b0                . = ALIGN (0x10)
 *fill*         0x800051a6        0xa 00
 *(IP_STK_SECT)
 IP_STK_SECT    0x800051b0     0x2000 C:\nburn/lib/NetBurner.a(ip.o)
                0x800051b0                IPStk
                0x800071b0                IP_STK_SECT_END = .
                0x800071b0                . = ALIGN (0x4)
 *(TCP_VAR_SECT)
 TCP_VAR_SECT   0x800071b0       0x1e C:\nburn/lib/NetBurner.a(tcp.o)
                0x800071c0                TCP_TimerSemaphore
                0x800071b0                TCP_critical_section
                0x800071ce                TCP_VAR_SECT_END = .
                0x800071d0                . = ALIGN (0x10)
 *fill*         0x800071ce        0x2 00
 *(TCP_STK_SECT)
 TCP_STK_SECT   0x800071d0     0x2000 C:\nburn/lib/NetBurner.a(tcp.o)
                0x800071d0                TCPStk
                0x800091d0                TCP_STK_SECT_END = .
                0x800091d0                . = ALIGN (0x10)
 *(HTTP_STK_SECT)
                0x800091d0                HTTP_STK_SECT_END = .
                0x800091d0                . = ALIGN (0x10)
 *(FTP_STK_SECT)
                0x800091d0                FTP_STK_SECT_END = .
                0x800091d0                . = ALIGN (0x10)
 *(WIFI_STK_SECT)
                0x800091d0                WIFI_STK_SECT_END = .
                0x800091d0                . = ALIGN (0x10)
 *(PPP_STK_SECT)
                0x800091d0                PPP_STK_SECT_END = .
                0x800091d0                . = ALIGN (0x10)
 *(COMMAND_STK_SECT)
                0x800091d0                COMMAND_STK_SECT_END = .
                0x800091d0                . = ALIGN (0x4)
 *(USER_VAR_SECT)
                0x800091d0                USER_VAR_SECT_END = .
                0x800091d0                . = ALIGN (0x10)
 *(USER_STK_SECT)
                0x800091d0                USER_STK_SECT_END = .
                0x800091d0                . = ALIGN (0x4)
 *(TLS_VAR_SECT)
                0x800091d0                TLS_VAR_SECT_END = .
                0x800091d0                BUFFERS_SECT_START = .
                0x800091d0                . = ALIGN (0x10)
 *(BUFFERS_VAR_SECT)
 BUFFERS_VAR_SECT
                0x800091d0       0x1c C:\nburn/lib/NetBurner.a(buffers.o)
                0x800091d0                FAST_BUFFER_POOL_SIZE
                0x800091de                free_fast_list
                0x800091e8                free_list_is_initialized
                0x800091d4                free_list
                0x800091f0                . = ALIGN (0x10)
 *fill*         0x800091ec        0x4 00
                0x800091f0                BUFFERS_VAR_SECT_END = .
                0x800091f0                . = ALIGN (0x10)
                0x800091f0                SRAM_END = .

.text           0x40000400   0x1a8940
 *(.text)
 .text          0x40000400       0xaa c:/nburn/gcc-m68k/bin/../lib/gcc/m68k-elf/4.2.1/../../../../m68k-elf/lib/m5206e\nb-crt0.o
                0x40000400                start
 *fill*         0x400004aa        0x2 00
 .text          0x400004ac       0x9c c:/nburn/gcc-m68k/bin/../lib/gcc/m68k-elf/4.2.1/m5206e/crtbegin.o
 .text          0x40000548      0x200 lab5.o
                0x4000068c                UserMain
                0x40000628                DisplayLameCounter
 .text          0x40000748      0x1e2 formdata.o
                0x40000824                FormData::Unlock()
                0x40000904                FormData::~FormData()
                0x400007d4                FormData::SetKeypadKey(unsigned char)
                0x4000078c                FormData::GetMotorMode()
                0x40000890                FormData::Init()
                0x400007b8                FormData::SetLCDString(char*)
                0x400007e8                FormData::GetKeypadKey()
                0x40000918                FormData::~FormData()
                0x40000778                FormData::GetMotorDirection()
                0x40000770                FormData::SetMotorDirection(char*)
                0x400007fc                FormData::SetADSegment(unsigned char)
                0x400007a0                FormData::GetMotorRotations()
                0x400008ec                FormData::~FormData()
                0x4000075c                FormData::FormData()
                0x400007c0                FormData::GetLCDString()
                0x40000858                FormData::Lock()
                0x400007b0                FormData::SetMotorRotations(char*)
                0x40000810                FormData::GetADSegment()
                0x40000748                FormData::FormData()
 *fill*         0x4000092a        0x2 00
 .text          0x4000092c       0x2e formcode.o
                0x4000092c                RegisterPost()
                0x40000940                MyDoPost(int, char*, char*, char*)
 *fill*         0x4000095a        0x2 00
 .text          0x4000095c      0x1c4 error_wrapper.o
                0x4000095c                display_error(char const*, unsigned char)
 .text          0x40000b20       0xd2 Stepper.o
                0x40000b58                Stepper::Disable()
                0x40000b60                Stepper::Step(unsigned char, unsigned short)
                0x40000bcc                Stepper::~Stepper()
                0x40000b70                Stepper::GetDirection()
                0x40000b50                Stepper::Enable()
                0x40000ba0                Stepper::GetState()
                0x40000b34                Stepper::Stepper()
                0x40000b84                Stepper::SetMode(unsigned char)
                0x40000be0                Stepper::~Stepper()
                0x40000b48                Stepper::Init(unsigned char)
                0x40000bb4                Stepper::~Stepper()
                0x40000b8c                Stepper::GetMode()
                0x40000b20                Stepper::Stepper()
                0x40000b68                Stepper::SetDirection(unsigned char)
 *fill*         0x40000bf2        0x2 00
 .text          0x40000bf4      0x518 LCD.o
                0x40000ef8                LCD::TestLCD()
                0x400010ec                LCD::Init()
                0x40000e38                LCD::~LCD()
                0x4000102c                LCD::Clear()
                0x40000c98                LCD::move(struct_point)
                0x40000cf8                LCD::Home()
                0x40000f64                LCD::DrawChar(unsigned char const*, struct_point)
                0x40000e78                LCD::send_data(unsigned char const*, unsigned short)
                0x40000bf4                LCD::LCD()
                0x4000104c                LCD::init_lcd()
                0x40000d0c                LCD::Invert()
                0x40000f28                LCD::DrawChar(unsigned char const*)
                0x40000c08                LCD::LCD()
                0x40000e50                LCD::~LCD()
                0x40000e64                LCD::~LCD()
                0x40000cf0                LCD::Move(struct_point)
                0x40000f98                LCD::DrawString(char*)
                0x40000c1c                LCD::send_cmd(unsigned char)
                0x40000d7c                LCD::init_spi()
                0x40000fe0                LCD::DrawBitmap(unsigned char const*)
 .text          0x4000110c      0x34c Keypad.o
                0x4000113c                Keypad::GetLastButtonString()
                0x4000111c                Keypad::Keypad()
                0x4000140c                Keypad::GetNewButtonString()
                0x4000110c                Keypad::Keypad()
                0x400011b8                Keypad::Init(unsigned char)
                0x4000112c                Keypad::GetLastButtonNumber()
                0x4000132c                Keypad::read_data()
                0x4000143c                Keypad::GetNewButtonNumber()
                0x40001160                Keypad::EdgePortISR1()
                0x40001168                Keypad::ButtonPressed()
 .text          0x40001458      0x13e AD.o
                0x4000146c                AD::AD()
                0x40001538                AD::StartAD()
                0x40001584                AD::~AD()
                0x40001550                AD::GetADResult(int)
                0x40001548                AD::ADDone()
                0x40001458                AD::AD()
                0x40001570                AD::~AD()
                0x40001540                AD::StopAD()
                0x40001558                AD::~AD()
                0x40001480                AD::Init()
 *fill*         0x40001596        0x2 00
 .text          0x40001598       0x36 htmldata.o
                0x400015c4                DoHtmlVariable(int, unsigned short)
                0x40001598                DoHtmlFunction(int, char const*, unsigned short)
 *fill*         0x400015ce        0x2 00
 .text          0x400015d0      0x406 C:\nburn/lib/MOD5441X.a(bsp.o)
                0x400017ac                GetUserParameters
                0x40001708                _sbrk_r
                0x4000184c                HardwareSetup
                0x40001658                DisableCache
                0x40001760                spaceleft
                0x400015e4                Tick5441X
                0x40001830                ForceReboot
                0x40001798                BspGetTickFraction
                0x400015e0                xTick
                0x40001754                atexit
                0x400017bc                SaveUserParameters
                0x400016d0                EnableCache
                0x400015d0                CatchNullWrites
                0x400015fc                SetIntc
 *fill*         0x400019d6        0x2 00
 .text          0x400019d8      0x41e C:\nburn/lib/MOD5441X.a(flash.o)
                0x40001a68                SpansionFlashID
                0x40001b68                FlashProgram
                0x400019d8                FlashErase
                0x40001ac4                Program2
 *fill*         0x40001df6        0x2 00
 .text          0x40001df8     0x1d06 C:\nburn/lib/MOD5441X.a(pins.o)
                0x40001df8                PinIO::set(unsigned char)
                0x4000338c                PinIO::function(int)
                0x400028f0                PinIO::drive()
                0x40003a9c                CReadPin
                0x40002d1c                PinIO::read()
                0x40003ac0                CGPInPin
 *fill*         0x40003afe        0x2 00
 .text          0x40003b00     0x28ac C:\nburn/lib/MOD5441X.a(dspi.o)
                0x400062d4                real_dspi0_int_routine
                0x400054bc                real_dspi2_rx_dma_int_routine
                0x4000431c                canDoDMA(unsigned char, unsigned char*, unsigned char volatile*)
                0x400042cc                dspi3_int_routine
                0x4000407c                fake_dspi2_rx_dma_int_routine()
                0x40003fd8                dspi1_rx_dma_int_routine
                0x400044e0                DSPIdone(unsigned char)
                0x40005558                real_dspi0_tx_dma_int_routine
                0x400054f0                real_dspi1_tx_dma_int_routine
                0x40005420                real_dspi3_tx_dma_int_routine
                0x40003f2c                fake_dspi0_rx_dma_int_routine()
                0x40004278                dspi2_int_routine
                0x40004128                dspi3_rx_dma_int_routine
                0x40003b00                setupDSPI_Dma(int, dspistruct volatile&)
                0x40004274                fake_dspi2_int_routine()
                0x4000507c                DSPIInit(unsigned char, unsigned long, unsigned char, unsigned char, unsigned char, unsigned char, unsigned char, unsigned char, unsigned char, unsigned char)
                0x40004220                fake_dspi1_int_routine()
                0x400062bc                real_dspi1_int_routine
                0x40004028                fake_dspi1_tx_dma_int_routine()
                0x400062a4                real_dspi2_int_routine
                0x40004080                dspi2_rx_dma_int_routine
                0x40004124                fake_dspi3_rx_dma_int_routine()
                0x40003f80                fake_dspi0_tx_dma_int_routine()
                0x40005674                DSPI_Isr_cleanup(unsigned int, dspistruct volatile&, unsigned long, unsigned long)
                0x40003fd4                fake_dspi1_rx_dma_int_routine()
                0x40005248                DSPIModule::DSPIModule(unsigned char, unsigned long, unsigned char, unsigned char, unsigned char, unsigned char, unsigned char, unsigned char, unsigned char, unsigned char)
                0x40005454                real_dspi3_rx_dma_int_routine
                0x400043b0                DSPIModule::Done(unsigned char)
                0x4000457c                DSPIModule::RegisterSem(os_sem*)
                0x400040d0                fake_dspi2_tx_dma_int_routine()
                0x400040d4                dspi2_tx_dma_int_routine
                0x400041cc                fake_dspi0_int_routine()
                0x400041d0                dspi0_int_routine
                0x40004178                fake_dspi3_tx_dma_int_routine()
                0x4000402c                dspi1_tx_dma_int_routine
                0x40005588                real_dspi0_rx_dma_int_routine
                0x4000417c                dspi3_tx_dma_int_routine
                0x400042c8                fake_dspi3_int_routine()
                0x400062ec                DSPIStart(unsigned char, unsigned char*, unsigned char volatile*, unsigned long, os_sem*, unsigned char, int)
                0x400056f8                DSPI_Isr(unsigned int, dspistruct volatile*)
                0x40004224                dspi1_int_routine
                0x400044a0                DSPIModule::DSPIModule(unsigned char)
                0x40004460                DSPIModule::DSPIModule(unsigned char)
                0x400055b8                DSPI_Isr_done(unsigned int, dspistruct volatile&)
                0x4000628c                real_dspi3_int_routine
                0x40005eec                DSPIModule::Start(unsigned char*, unsigned char volatile*, unsigned long, int)
                0x40005524                real_dspi1_rx_dma_int_routine
                0x40003f30                dspi0_rx_dma_int_routine
                0x40005488                real_dspi2_tx_dma_int_routine
                0x400045c8                DSPIModule::EnableDMA(bool)
                0x400051a4                DSPIModule::DSPIModule(unsigned char, unsigned long, unsigned char, unsigned char, unsigned char, unsigned char, unsigned char, unsigned char, unsigned char, unsigned char)
                0x40003f84                dspi0_tx_dma_int_routine
                0x40004614                DSPIModule::Init(unsigned long, unsigned char, unsigned char, unsigned char, unsigned char, unsigned char, unsigned char, unsigned char, unsigned char)
 *fill*         0x400063ac        0x4 00
 .text          0x400063b0      0x44a C:\nburn/lib/NetBurner.a(ucosmcfa.o)
                0x40006490                OSDebugTraceHalt
                0x400063b0                OSStartHighRdy
                0x400064a0                TrapOutByte
                0x400064d0                memcpy
                0x400064d0                fmemcpy
                0x400063d0                OSCtxSw
                0x400064c0                TrapCharAvail
                0x40006400                OSIntCtxSw
                0x400064b0                TrapInByte
                0x40006430                OSTickISR
                0x400065a0                memcpysum
                0x40006470                OSSetupVBR
                0x400067d0                GetSR_IntLevel
                0x40006730                memset
                0x40006730                fmemset
                0x400067e0                SetSR_IntLevel
 *fill*         0x400067fa        0x2 00
 .text          0x400067fc        0x8 C:\nburn/lib/NetBurner.a(software_init.o)
                0x400067fc                software_init_hook
 .text          0x40006804     0x1e0c C:\nburn/lib/NetBurner.a(ucos.o)
                0x400081b0                OSCritEnterNoWait
                0x400068b4                UCOSWAITS_HERE
                0x40007e5c                OSFifoPostFirst
                0x40008224                OSCritLeave
                0x40007fbc                getpid
                0x40006ac0                OSLock
                0x4000792c                OSQPostFirst
                0x4000833c                OSTaskID
                0x40007718                OSQPendNoWait
                0x40008354                OSSetName
                0x4000837c                OSIntExit
                0x40006f44                OSSemPendNoWait
                0x40006c2c                OSTaskDelete
                0x40006ae8                OSUnlock
                0x40007fd4                OSCritInit
                0x40007794                OSQPost
                0x40008010                OSCritEnter
                0x40007b18                OSFifoPend
                0x40006da4                OSSemPend
                0x40007110                OSMboxInit
                0x4000734c                OSMboxPost
                0x40007acc                OSFifoInit
                0x40007530                OSQPend
                0x40006830                OSSched
                0x400068ec                OSTimeDly
                0x40006f84                OSSemPost
                0x40006b28                OSChangePrio
                0x40006a90                OSTCBGetFree
                0x400068c4                OSIntEnterWAS
                0x40007304                OSMboxPendNoWait
                0x40007cfc                OSFifoPost
                0x40006d44                OSSemInit
                0x40008418                OSStart
                0x400069a4                OSTimeTick
                0x400074bc                OSQInit
                0x40008368                OSTaskName
                0x40007cac                OSFifoPendNoWait
                0x40007164                OSMboxPend
                0x40008494                OSInit
                0x40006984                OSChangeTaskDly
 .text          0x40008610      0x180 C:\nburn/lib/NetBurner.a(debugtrap.o)
                0x40008738                SetAddressReadRangeTrap
                0x400086f8                SetAddressReadTrap
                0x40008610                WDEBUG
                0x400086a0                SetAddressWriteRangeTrap
                0x40008660                SetAddressWrittenTrap
 .text          0x40008790      0x1b8 C:\nburn/lib/NetBurner.a(ucosmain.o)
                0x4000886c                __malloc_unlock
                0x40008790                UCosBegin
                0x4000888c                balloc_lock
                0x400088cc                UCosSetup
                0x40008850                balloc_unlock
                0x400088ac                __malloc_lock
 .text          0x40008948      0x5f8 C:\nburn/lib/NetBurner.a(fileio.o)
                0x40008ad8                ioctl
                0x40008948                isatty
                0x40008a30                CurrentStdioFD
                0x40008aa8                lseek
                0x40008980                ReplaceStdio
                0x40008b44                write
                0x40008964                fstat
                0x40008c74                rawwrite
                0x40008e80                stdioinbyte
                0x40008cf8                read
                0x40008a60                outbyte
                0x40008ac0                open
                0x40008a78                charavail
                0x40008a54                fcntl
                0x40008ef8                close
 .text          0x40008f40       0x78 C:\nburn/lib/NetBurner.a(main.o)
                0x40008f78                main
                0x40008f40                __do_global_ctors
 .text          0x40008fb8     0x1afa C:\nburn/lib/NetBurner.a(ip.o)
                0x40009458                FixUpICMP(IPPKT*, unsigned char, unsigned char, unsigned char*, unsigned short)
                0x40009178                IsMultiCast(unsigned long)
                0x40009df8                FixHeaderAndSend(pool_buffer*, IPPKT*)
                0x4000976c                DoIPPacket(pool_buffer*, EFRAME*, unsigned short)
                0x40009074                GetSum20
                0x4000a0f4                PingViaInterface
                0x4000970c                SaveError(pool_buffer*)
                0x40009268                GetEphemeralPort()
                0x40009a7c                process_icmp(pool_buffer*, IPPKT*, unsigned short)
                0x40009304                IpProcessEthernetPacket
                0x40009930                FixHeaderAndSendViaInterface(pool_buffer*, IPPKT*, int)
                0x4000a370                ShowIPBuffer(pool_buffer*)
                0x40009f58                SendICMPError(pool_buffer*, unsigned char, unsigned char)
                0x40009570                InitializeStack(unsigned long, unsigned long, unsigned long, unsigned long)
                0x400091c8                GetData(IPPKT*)
                0x40009694                InitializeCStack
                0x4000a204                Ping
                0x40008fb8                GetSum
                0x400096a0                GetMultiHomeInterface(unsigned long, int)
                0x40009750                IsMyIp
                0x40009514                IsBroadCast(unsigned long, int)
                0x400094c0                KillStack
                0x400091f4                PrepareIPOutput(pool_buffer*, unsigned long, unsigned short)
                0x40009198                GetMultiAddress(unsigned long)
                0x4000a02c                SendPing
                0x400090ac                GetSumHdr
                0x400094cc                IsLocal(unsigned long, int)
                0x4000a238                GetLocalIPInterface(unsigned long)
                0x4000a290                AddInterface(unsigned long, unsigned long, unsigned long, int)
                0x40009b98                IPTask(void*)
 *fill*         0x4000aab2        0x2 00
 .text          0x4000aab4      0xef8 C:\nburn/lib/NetBurner.a(buffers.o)
                0x4000ab98                FreeBufferList
                0x4000afa4                fifo_buffer_storage::Full()
                0x4000b094                ShowBuffer
                0x4000b378                fifo_buffer_storage::Reset(unsigned char)
                0x4000abc8                InitBuffers
                0x4000acf4                buffer_list::InsertBefore(pool_buffer*, pool_buffer*)
                0x4000aecc                GetBuffer
                0x4000b074                fifo_buffer_storage::fifo_buffer_storage(unsigned char, unsigned char)
                0x4000af8c                fifo_buffer_storage::Empty()
                0x4000b7f0                fifo_buffer_storage::ReadDatawSum(unsigned char*, int, unsigned long&)
                0x4000af78                fifo_buffer_storage::SpaceUsed()
                0x4000aab4                ShowBuffers()
                0x4000aae0                buffer_list::InsertHead(pool_buffer*)
                0x4000b1c0                GetFreeCount
                0x4000aac4                IncUsageCount
                0x4000b054                fifo_buffer_storage::fifo_buffer_storage(unsigned char, unsigned char)
                0x4000ac90                buffer_list::InsertTail(pool_buffer*)
                0x4000b438                fifo_buffer_storage::~fifo_buffer_storage()
                0x4000b528                fifo_buffer_storage::SetMaxBuffers(unsigned char)
                0x4000b238                fifo_buffer_storage::ReadData(unsigned char*, int)
                0x4000afec                fifo_buffer_storage::Init(unsigned char, unsigned char)
                0x4000aabc                DumpBuffers()
                0x4000ae64                buffer_list::RemoveHead()
                0x4000addc                buffer_list::Remove(pool_buffer*)
                0x4000af18                buffer_list::RemoveTail()
                0x4000b44c                fifo_buffer_storage::LongSpaceAvail()
                0x4000b5b8                fifo_buffer_storage::WriteData(unsigned char*, int)
                0x4000ab50                FreeBuffer
                0x4000ad68                buffer_list::InsertAfter(pool_buffer*, pool_buffer*)
                0x4000b504                fifo_buffer_storage::SpaceAvail()
                0x4000b424                fifo_buffer_storage::~fifo_buffer_storage()
 .text          0x4000b9ac     0x18ae C:\nburn/lib/NetBurner.a(arp.o)
                0x4000c50c                FindAddArp(unsigned long)
                0x4000bb14                sendGratuitousArp(int)
                0x4000b9d4                MacEqual(MACADR, MACADR)
                0x4000bcd0                InitializeArp()
                0x4000c334                FindArp(unsigned long)
                0x4000cc74                SendArp(ArpRecord*, int)
                0x4000bd78                GetInterface(unsigned long)
                0x4000c868                AddCheckArp(MACADR*, unsigned long, int)
                0x4000ba34                SetMac(ArpRecord*, MACADR, int)
                0x4000c490                DeleteArpFromIp(unsigned long)
                0x4000c438                GetArpMacFromIp(unsigned long, MACADR&)
                0x4000cce0                RouteOutVia(EFRAME*, unsigned long, pool_buffer*, int)
                0x4000cbd0                GetProperInterface(unsigned long)
                0x4000c290                FreeOneArp()
                0x4000c90c                processArp(pool_buffer*, EFRAME*)
                0x4000bad8                NeedsArp(int)
                0x4000bdc4                GetNextArp(ArpRecord*)
                0x4000bbe4                RawSendArp(ArpRecord*, unsigned long, int)
                0x4000c19c                AgeArp()
                0x4000cef0                RouteOut(EFRAME*, unsigned long, pool_buffer*)
                0x4000cb8c                AddStaticArp(MACADR*, unsigned long, int)
                0x4000be8c                ShowArp()
                0x4000bfcc                DeleteArp(ArpRecord*)
                0x4000be34                GetFirstArp()
                0x4000d190                GetSrcIp
                0x4000c6f8                IsMyAddressUsedArpDetect(unsigned short, int)
                0x4000b9cc                Cleanup()
                0x4000b9ac                IsNull(ArpRecord*)
                0x4000bf20                fShowArp(__sFILE*)
                0x4000c4b0                AddPending(MACADR*, unsigned long, int)
 *fill*         0x4000d25a        0x2 00
 .text          0x4000d25c     0x14f8 C:\nburn/lib/NetBurner.a(udp.o)
                0x4000db80                UDPPacket::Send(unsigned long, unsigned char)
                0x4000d3a4                UDPPacket::SetDestinationPort(unsigned short)
                0x4000d468                UDPPacket::GetPacketId()
                0x4000d4b4                UDPPacket::GetSourceAddress()
                0x4000e394                UDPPacket::UDPPacket()
                0x4000d860                UDPPacket::AddDataByte(unsigned char)
                0x4000dc98                UDPPacket::SendAndKeep(unsigned long, unsigned char)
                0x4000d4d8                RegisterUDPFifo(unsigned short, os_fifo*)
                0x4000d8a8                UDPPacket::AddData(char const*)
                0x4000d2d0                UDPPacket::UDPPacket(pool_buffer*)
                0x4000d9c4                UDPPacket::SendViaInterface(unsigned long, int, unsigned char)
                0x4000d450                UDPPacket::GetIpPacket()
                0x4000daec                UDPPacket::SendVia(unsigned long, unsigned long, unsigned char)
                0x4000dd08                UDPPacket::~UDPPacket()
                0x4000d25c                GetUdpFifoRec(unsigned short)
                0x4000d3e0                UDPPacket::GetDataBuffer()
                0x4000d5a0                RegisterUDPFifoWithNotify(unsigned short, os_fifo*, void (*)(os_fifo*, unsigned short))
                0x4000d31c                UDPPacket::UDPPacket(pool_buffer*)
                0x4000d414                UDPPacket::GetDataSize() const
                0x4000dd74                ProcessIDPacket(UDPPacket&, int)
                0x4000d884                UDPPacket::AddDataWord(unsigned short)
                0x4000e3d8                process_udp(pool_buffer*, IPPKT*, unsigned short)
                0x4000d934                UDPPacket::Validate()
                0x4000d3c0                UDPPacket::GetDestinationPort() const
                0x4000d7b4                UDPPacket::AddData(unsigned char const*, unsigned short)
                0x4000d668                UnregisterUDPFifo(unsigned short)
                0x4000e694                UDPPacket::UDPPacket(os_fifo*, unsigned long)
                0x4000d3f4                UDPPacket::SetDataSize(unsigned short)
                0x4000d730                FixIDDataPacket(UDPPacket&, _InterfaceBlock*)
                0x4000d43c                UDPPacket::ResetData()
                0x4000dce0                UDPPacket::~UDPPacket()
                0x4000e6f4                UDPPacket::UDPPacket(os_fifo*, unsigned long)
                0x4000db2c                UDPPacket::SendAndKeepVia(unsigned long, unsigned long, unsigned char)
                0x4000d8d8                RegisterEphemeralFifo(os_fifo*)
                0x4000d368                UDPPacket::SetSourcePort(unsigned short)
                0x4000d384                UDPPacket::GetSourcePort() const
                0x4000d78c                FixIDDataPacket(UDPPacket&, int)
                0x4000dd30                UDPPacket::UDPPacket()
                0x4000d490                UDPPacket::GetDestinationAddress()
 .text          0x4000e754     0x54f8 C:\nburn/lib/NetBurner.a(tcp.o)
                0x4000fec8                SendTcpRst(IPPKT*)
                0x4000edfc                GetTcpState(int)
                0x40010220                InitTCP()
                0x4001240c                listenvia(unsigned long, unsigned short, unsigned char, unsigned long)
                0x40012bcc                _Socket_Private_read
                0x4000ed80                ShortSocketList::ShortSocketList()
                0x4000ee64                SetOutOfOrderbuffers(int, unsigned char)
                0x4000e9ec                GetSocketRemotePort(int)
                0x40010a58                GetTcpSocket(TCPPKT*, unsigned long, int)
                0x4000f630                socket_struct::MyAdvertisedWindow()
                0x4000f4c4                SetSocketTxBuffers(int, int)
                0x4000eb08                setsockoption(int, int)
                0x4000f97c                TcpSend(socket_struct*, unsigned long, pool_buffer*, unsigned short, unsigned char)
                0x400120b8                TCPTimerTask(void*)
                0x40013b1c                process_tcp(pool_buffer*, IPPKT*, unsigned short)
                0x40010ebc                socket_struct::ProcessRST()
                0x40012704                NoBlockconnectvia(unsigned long, unsigned short, unsigned short, unsigned long)
                0x4000eea8                TcpGetLastRxTime(int)
                0x400121ec                abortsocket
                0x40013298                socket_struct::ProcessDataSegment(TCPPKT*, unsigned short, unsigned char*, pool_buffer*&)
                0x4001255c                connectvia(unsigned long, unsigned short, unsigned short, unsigned long, unsigned long)
                0x40010814                HashSocketList::RemoveSocket(socket_struct*) const
                0x400127d0                _Socket_Private_write
                0x4000eb44                getsockoption(int)
                0x40011ba4                socket_struct::ProcessAck(TCPPKT*)
                0x40012fb8                socket_struct::SaveData(unsigned char*, unsigned short, unsigned char)
                0x40010500                GetTcpRtxCount(int)
                0x4000e8d4                fixoverlap(unsigned long, unsigned long, unsigned long&, unsigned long&)
                0x400101a0                socket_struct::SetTimer(unsigned long)
                0x400126dc                connect(unsigned long, unsigned short, unsigned short, unsigned long)
                0x4000ebd8                HashSocketList::HashSocketList()
                0x40012754                NoBlockConnect(unsigned long, unsigned short, unsigned short, unsigned long)
                0x4000f140                TcpGetRxBufferSpaceUsed(int)
                0x400110fc                socket_struct::DoRawSend()
                0x4000f180                ShowFdTcpSocket(int)
                0x4000f448                socket_struct::ClearPending(int)
                0x40010578                ShortSocketList::findsocket(unsigned short, unsigned short, unsigned long) const
                0x40012654                connect(unsigned long, unsigned short, unsigned short, unsigned long, unsigned long)
                0x4001048c                TcpSendKeepAlive(int)
                0x4000e950                getsocketerror(int)
                0x4000ebc0                EnableTcpDebug(unsigned short)
                0x40011fc4                socket_struct::ProcessTimer()
                0x40010fd8                socket_struct::SetUpNextRetransmit()
                0x4000ebd0                HashSocketList::HashSocketList()
                0x4000f100                TcpGetTxBufferAvailSpace(int)
                0x400129f4                SockReadWithTimeout
                0x40010420                GetFreeSocketCount()
                0x40011e50                socket_struct::ProcessFIN(TCPPKT*, unsigned short)
                0x4000f6a8                FixHeaderAndSendTcp(pool_buffer*, IPPKT*, socket_struct*)
                0x4000eb78                setsocketackbuffers(int, unsigned char)
                0x4000eae8                socket_struct::CleanUpDeletedListener()
                0x4000f7b4                TcpSendwSum(socket_struct*, unsigned long, pool_buffer*, unsigned short, unsigned char, unsigned long)
                0x40010b18                socket_struct::DoCleanup()
                0x400130a8                socket_struct::TestOutofOrder()
                0x4000ef18                TcpGetLastRxInterval(int)
                0x4000e754                GetFirstSeq()
                0x4001010c                FREESOCKET(socket_struct*)
                0x40010cf8                ShortSocketList::AddSocket(socket_struct*)
                0x400117b8                socket_struct::DoRetransmit(unsigned char)
                0x4000edc0                ShortSocketList::Init()
                0x4001061c                ShortSocketList::processTick()
                0x400118d4                socket_struct::CoreConnect(unsigned long, unsigned short, unsigned short, unsigned long)
                0x40012be8                _Socket_Private_close
                0x40012cfc                accept(int, unsigned long*, unsigned short*, unsigned short)
                0x4000eda0                ShortSocketList::ShortSocketList()
                0x4000f508                SetSocketRxBuffers(int, int)
                0x40012538                listen(unsigned long, unsigned short, unsigned char)
                0x4000ebe0                HashSocketList::Init() const
                0x4000ebf8                ShortSocketList::GetFreeShort()
                0x4000e9b8                GetSocketRemoteAddr(int)
                0x40010980                HashSocketList::findsocket(unsigned short, unsigned short, unsigned long) const
                0x4000f094                WaitForSocketFlush(int, unsigned long)
                0x4000ebc8                DumpTcpPacket(IPPKT*)
                0x40010e00                RemoveFromUserCloseList(socket_struct*)
                0x4000e798                ValidateTCP(IPPKT*, unsigned short)
                0x400106cc                ShortSocketList::process(pool_buffer*, TCPPKT*, unsigned long) const
                0x4000e784                socket_struct::SetState(int)
                0x4000f54c                socket_struct::processoptions(pool_buffer*, TCPPKT*, IPPKT*)
                0x400114b4                socket_struct::DoClose(int)
                0x40012320                GetFreeSocket()
                0x4000ea20                GetSocketLocalPort(int)
                0x400108cc                HashSocketList::AddSocket(socket_struct*) const
                0x4000ed40                ShortSocketList::FreeShort(ShortSocket*) const
                0x4000ea54                socket_struct::CalcRTO(unsigned long)
                0x4000fe70                socket_struct::OpenWindow()
                0x4000ffdc                SendTcpSynRst(IPPKT*)
                0x4000f044                TcpAllDataAcked(int)
                0x40011434                clrsockoption(int, int)
                0x4000eedc                TcpGetSocketState(int)
                0x4000ebb8                DumpTcpDebug()
                0x4000e984                GetSocketLocalAddr(int)
                0x40013454                socket_struct::process(pool_buffer*, TCPPKT*)
                0x4000e874                FindListenSocket(unsigned short, unsigned long, int)
                0x4000ee34                RegisterTCPReadNotify
                0x4000fa0c                socket_struct::SendState(unsigned short, pool_buffer*)
 .text          0x40013c4c      0x552 C:\nburn/lib/NetBurner.a(http.o)
                0x40013c4c                StartHTTP
                0x40013d84                HttpMain(void*)
                0x40013c90                processHttpRequest(char**, char*, char*, int, HTTP_Request&)
 *fill*         0x4001419e        0x2 00
 .text          0x400141a0      0xf48 C:\nburn/lib/NetBurner.a(httpinternal.o)
                0x400141d8                SetNewPostHandler
                0x400149c4                BaseDoGet
                0x40014238                SetNewMultiPartHandler
                0x400146b8                SendHTMLHeader
                0x400141a8                append(char*&, char*)
                0x40014250                SetNewMultiPartExtractHandler
                0x40014af8                HTTP_Request::Respond(int)
                0x40014860                writesafestring
                0x40014970                ShowIPOnFd(int, unsigned long)
                0x400145f8                SendGifHeader
                0x40014614                SendTextHeader
                0x40014630                BaseDoHead
                0x4001444c                BadRequestResponse(int, char const*, char const*)
                0x4001455c                NotFoundResponse
                0x400141cc                BaseDoPost
                0x40014268                SetNewErrorHandler
                0x400142b8                ExtractPostData
                0x400145b0                RedirectResponse
                0x40014c68                HTTP_Request::ProcessLine(char*)
                0x40014208                SetNewGetHandler
                0x400141a0                StopHTTP
                0x40014508                ForbiddenResponse
                0x40014280                InitHttp()
                0x40014220                SetNewHeadHandler
                0x40014748                writeallsafestring
                0x400141f0                SetNewWSHandler
                0x40014aac                SendHTMLHeaderWCookie
                0x400146d4                BaseInterfaceOK(int, HTML_FILE_RECORD*)
                0x400144b4                NotAvailableResponse(int, char const*)
 .text          0x400150e8       0x62 C:\nburn/lib/NetBurner.a(httpstricmp.o)
                0x400150e8                httpstricmp
 *fill*         0x4001514a        0x2 00
 .text          0x4001514c      0x6e4 C:\nburn/lib/NetBurner.a(htmldecomp.o)
                0x400151f0                SendHtml(int, char*, int, char const*)
                0x400154c8                SendData(HTML_FILE_RECORD*, int, char const*)
                0x40015588                GetRecordFromName(char*)
                0x4001514c                SendHeader(int, char const*, unsigned long)
                0x40015750                SendFullResponse(char*, int)
                0x40015608                SendFileFragment(char*, int, char const*)
                0x400151e4                SendCompressed(int, char*, int)
                0x40015678                SendHeaderResponse(char*, int)
                0x400151c8                SendXMLHeader(int)
 .text          0x40015830      0x69e C:\nburn/lib/NetBurner.a(iosys.o)
                0x40015c6c                SetDataAvail
                0x40015b0c                writeall
                0x40015b6c                RawCheckSelects()
                0x40015c18                SetHaveError
                0x40015ca8                RemoveSelect(PendingSelect*)
                0x40015c30                SetWriteAvail
                0x400159fc                ZeroWaitSelect
                0x40015d28                AddSelect(PendingSelect*)
                0x40015950                FD_ISSET
                0x400158f8                ClrDataAvail
                0x40015d80                select
                0x400158e0                ClrWriteAvail
                0x40015be4                CheckSelects()
                0x40015ab0                writestring
                0x400159c0                countbits(fd_set*)
                0x40015830                FD_OVERLAP(fd_set*, fd_set*)
                0x40015a80                dataavail
                0x4001586c                FD_ZERO
                0x40015910                FD_SET
                0x400158c8                ClrHaveError
                0x4001599c                countdwbits(unsigned long)
                0x40015e20                ReadWithTimeout
                0x40015884                FD_CLR
 *fill*         0x40015ece        0x2 00
 .text          0x40015ed0      0x71c C:\nburn/lib/NetBurner.a(autoip.o)
                0x4001610c                AutoIPClient::AutoIPClient(int)
                0x40015fec                AutoIPClient::stop()
                0x40016438                AutoIPClient::arpCheck()
                0x40015f5c                AutoIPClient::getNextTick()
                0x40016294                AutoIPClient::announce()
                0x40015f10                AutoIPClient::addressCollision()
                0x40015f4c                AutoIPClient::getState()
                0x40016370                AutoIPClient::startArp()
                0x40016594                AutoIPClient::staticTimeTick()
                0x40015ed0                AutoIPClient::start()
                0x40016188                AutoIPClient::AutoIPClient(int)
                0x40015f6c                AutoIPClient::tickDelay(int)
                0x40015f94                AutoIPClient::negotiate()
                0x400162d8                AutoIPClient::setRNG()
                0x400160a8                AutoIPClient::~AutoIPClient()
                0x40016524                AutoIPClient::timeTick()
                0x40016024                AutoIPClient::restart()
                0x40016204                AddAutoIPInterface(int)
                0x40016044                AutoIPClient::~AutoIPClient()
                0x40016334                AutoIPClient::generateNewIPAddr()
 .text          0x400165ec      0x4b2 C:\nburn/lib/NetBurner.a(netinterface.o)
                0x400169d0                InitializeNetwork(void (*)(pool_buffer*, EFRAME*, unsigned short), void (*)(pool_buffer*, EFRAME*))
                0x400166a4                InterfaceIP(int)
                0x40016798                GetEframe(pool_buffer*)
                0x40016970                SaveIfConfig(ConfigRecord*, int)
                0x40016864                RegisterMultiHomeInterface(_InterfaceBlock*)
                0x400165ec                GetFirstInterface()
                0x400169a0                GetIfConfig(int)
                0x40016754                InterfaceMAC(int)
                0x40016650                GetInterFaceBlock(int)
                0x400166d0                InterfaceDNS(int)
                0x400166fc                InterfaceMASK(int)
                0x4001660c                GetnextInterface(int)
                0x40016a3c                TransmitBuffer(pool_buffer*, int)
                0x40016804                DisableMulticast(MACADR, int)
                0x400168cc                RegisterInterface(_InterfaceBlock*)
                0x400167ac                EnableMulticast(MACADR, int)
                0x4001693c                Removeinterface(int)
                0x4001685c                StopNetworks()
                0x4001667c                GetInterfaceNumber(_InterfaceBlock*)
                0x40016728                InterfaceGate(int)
 *fill*         0x40016a9e        0x2 00
 .text          0x40016aa0      0x5c8 C:\nburn/lib/NetBurner.a(taskmon.o)
                0x40016fa8                ProcessTaskPacket(UDPPacket&, int)
                0x40016aa0                EnableTaskMonitor()
                0x40016ab4                BufferDumpTCBState(os_tcb*)
 .text          0x40017068     0x131e C:\nburn/lib/NetBurner.a(smarttrap.o)
                0x4001709c                EnableSmartTraps()
                0x4001717c                WalkStack(os_tcb*, unsigned long, unsigned long)
                0x4001765c                smart_trap_asm
                0x4001747c                Local_OutTCBState(os_tcb*, unsigned long, unsigned long)
                0x40017068                SafeRead(unsigned long)
                0x400170b8                Local_OutHex(unsigned long, int)
                0x40017654                Smart_Trap_Holder()
                0x4001714c                Local_OutString(char const*)
                0x400171f8                Local_ShowTaskName(os_tcb volatile*)
 *fill*         0x40018386        0x2 00
 .text          0x40018388      0x538 C:\nburn/lib/NetBurner.a(autoupdate.o)
                0x40018810                ProcessAutoUpdatePacket(UDPPacket&)
                0x40018544                DoData(UDPPacket&)
                0x40018388                EnableAutoUpdate
                0x4001839c                DoReboot()
                0x400183cc                DoExecute(UDPPacket&, int)
                0x40018634                DoStart(UDPPacket&)
 .text          0x400188c0       0x52 C:\nburn/lib/NetBurner.a(device.o)
                0x400188e0                DeviceInitializeSem
                0x400188c0                DeviceGetQspiSem()
                0x400188d0                DeviceGetI2cSem()
 *fill*         0x40018912        0x2 00
 .text          0x40018914     0x1c74 C:\nburn/lib/NetBurner.a(nbiprintf.o)
                0x40018998                decimallenull(unsigned long long)
                0x40018e0c                Put20Chars(void*, int (*)(void*, char const*, int), int, char const*)
                0x40018f9c                NormalGetNextParamFunction(void*)
                0x40018914                decimallen(unsigned long)
                0x40018e6c                prespace(int, unsigned long, int, int (*)(void*, char const*, int), void*, int&)
                0x4001a53c                NB_internal_iprintf(int (*)(void*, char const*, int), void*, unsigned long*)
                0x40018f1c                leadzero(int, unsigned long, int, int (*)(void*, char const*, int), void*, int&)
                0x4001a56c                putchars(void*, char const*, int)
                0x40018ec4                postspace(int, unsigned long, int, int (*)(void*, char const*, int), void*, int&)
                0x40018b98                octlen(unsigned long)
                0x40018c2c                binlen(unsigned long)
                0x40018f6c                FillHex(char*, unsigned long)
                0x40019410                NB_internal_iprintf_ind(int (*)(void*, char const*, int), void*, unsigned long (*)(void*), void*)
                0x4001a558                iprintf
                0x4001921c                CoreDec(unsigned long, int (*)(void*, char const*, int), void*, pfstate&)
                0x40018b54                hexlenull(unsigned long long)
                0x40018fb0                CoreLongLongDec(unsigned long long, int (*)(void*, char const*, int), void*, pfstate&)
                0x40018ae8                hexlen(unsigned long)
 .text          0x4001a588       0xe2 C:\nburn/lib/NetBurner.a(nbsiprintf.o)
                0x4001a588                sniprintf
                0x4001a5f4                putstrchars(void*, char const*, int)
                0x4001a5c0                siprintf
 *fill*         0x4001a66a        0x2 00
 .text          0x4001a66c       0x84 C:\nburn/lib/NetBurner.a(nbsprintf.o)
                0x4001a66c                snprintf
                0x4001a6b4                sprintf
 .text          0x4001a6f0        0x0 C:\nburn/lib/NetBurner.a(websocket_handler.o)
 .text          0x4001a6f0      0x320 C:\nburn/lib/NetBurner.a(ucosmcfc.o)
                0x4001a9d8                OSTaskCreate
                0x4001aa04                TopOfStackKillfunction
                0x4001a7ac                OSTaskCreatewName
                0x4001a6f0                OSTCBInit
                0x4001aa08                KillFunctionLink
 .text          0x4001aa10      0x6a0 C:\nburn/lib/NetBurner.a(system.o)
                0x4001ada8                UpdateConfigRecord_Num
                0x4001aa64                RawGetConfig
                0x4001aa10                isvalidcr
                0x4001af6c                SetupDialog
                0x4001ab20                ReadLine
                0x4001af58                UpdateConfigRecord
                0x4001aa90                GetValidConfig
                0x4001acf4                IpQuestion
                0x4001aab8                ShowChange
 .text          0x4001b0b0      0xd08 C:\nburn/lib/NetBurner.a(utils.o)
                0x4001bb20                fShowMac
                0x4001b324                FancyDump(unsigned char*, int)
                0x4001bc54                ShowCounters
                0x4001b150                ValidIPv4
                0x4001b26c                convertHexAsciiToBinary
                0x4001b4e4                ShowData
                0x4001bb7c                snShowIP
                0x4001b0b0                kill
                0x4001bcbc                fShowCounters
                0x4001bae0                fShowIP
                0x4001b0c0                _fini
                0x4001b450                ShowIP
                0x4001b0cc                AsciiToIp
                0x4001bd34                sShowCounters
                0x4001bc20                DiagMenuPicker(int, unsigned char)
                0x4001b48c                ShowMac
                0x4001b1d4                convertBinaryToHexAscii
                0x4001b30c                __builtin_delete
                0x4001b0b8                _exit
                0x4001bbc0                snShowMac
 .text          0x4001bdb8      0x2b0 C:\nburn/lib/NetBurner.a(extraio.o)
                0x4001bde8                ExpandWrite(int, char const*, int)
                0x4001bff8                GetExtraInterface
                0x4001be84                GetExtraFDwIntf
                0x4001be18                ExpandClose(int)
                0x4001be48                InitExtras()
                0x4001bf30                GetExtraFD
                0x4001bdb8                ExpandRead(int, char*, int)
                0x4001c02c                GetFreeExtraFDCount
                0x4001bf48                FreeExtraFd
                0x4001bf8c                GetExtraData
                0x4001bfc0                GetExtraExtraData
 .text          0x4001c068       0x26 C:\nburn/lib/NetBurner.a(new_ops.o)
                0x4001c068                operator new(unsigned long)
 *fill*         0x4001c08e        0x2 00
 .text          0x4001c090     0x139e C:\nburn/lib/NetBurner.a(nbfloatprint.o)
                0x4001c090                ulldecimallen(unsigned long long)
                0x4001cb30                OutputgFloat(int (*)(void*, char const*, int), void*, double, pfstate&, g_counter&)
                0x4001cf2c                TheFloatPrintf(char, int (*)(void*, char const*, int), void*, double, pfstate&)
                0x4001ceb4                Get_g_len(double, pfstate&, g_counter&)
                0x4001c5b8                Get_f_len(double, pfstate&)
                0x4001c2a4                Get_e_len(double, pfstate&)
                0x4001c390                printfraction(int (*)(void*, char const*, int), void*, double, pfstate&)
                0x4001c72c                OutputFFloat(int (*)(void*, char const*, int), void*, double, pfstate&)
                0x4001c35c                pfdigit(int, int (*)(void*, char const*, int), void*)
                0x4001c470                count_gstuff(void*, char const*, int)
                0x4001cba0                OutputEFloat(int (*)(void*, char const*, int), void*, double, pfstate&, char)
 *fill*         0x4001d42e        0x2 00
 .text          0x4001d430       0xbc C:\nburn/lib/MOD5441X.a(localio.o)
                0x4001d430                GetUartRecord
                0x4001d474                GetDefUart
                0x4001d488                LocalInByte
                0x4001d4a4                LocalOutByte
                0x4001d4d8                LocalCharAvail
 .text          0x4001d4ec     0x2202 C:\nburn/lib/MOD5441X.a(serial.o)
                0x4001d518                WakeTx(int)
                0x4001d4ec                FdSerialMap(int)
                0x4001e834                SerialClose
                0x4001db08                fake_SER_7_ISR()
                0x4001f5f0                real_SER_5_ISR
                0x4001e7c0                SendBreak
                0x4001eff8                OpenSerial
                0x4001e2f8                GetUartErrorReg
                0x4001d87c                fake_SER_0_ISR()
                0x4001db60                SER_8_ISR
                0x4001d924                real_SER_1_ISR
                0x4001f630                real_SER_4_ISR
                0x4001e540                fShowSerialData(__sFILE*)
                0x4001f530                real_SER_8_ISR
                0x4001da60                fake_SER_5_ISR()
                0x4001dab8                SER_6_ISR
                0x4001d964                fake_SER_2_ISR()
                0x4001e470                SerialSendComplete
                0x4001dc04                SerialEnableTxFlow
                0x4001dc4c                SerialEnableRxFlow
                0x4001f570                real_SER_7_ISR
                0x4001d5ac                DoSerIsr(int)
                0x4001e05c                Serial485HalfDupMode
                0x4001f670                real_SER_3_ISR
                0x4001dbb4                SER_9_ISR
                0x4001d9bc                SER_3_ISR
                0x4001dbb0                fake_SER_9_ISR()
                0x4001da64                SER_5_ISR
                0x4001f4b4                real_SER_0_ISR
                0x4001de88                SerialEnableHwRxFlow
                0x4001eb14                serread
                0x4001ee34                BasePutChar(int, unsigned char)
                0x4001eb30                BaseGetChar(int)
                0x4001f6b0                real_SER_2_ISR
                0x4001da10                SER_4_ISR
                0x4001d8d4                SER_1_ISR
                0x4001e928                serreadwto
                0x4001ef58                InitializeMaps()
                0x4001d880                SER_0_ISR
                0x4001ed38                serwriteaddress
                0x4001db0c                SER_7_ISR
                0x4001f4f0                real_SER_9_ISR
                0x4001ebf0                serwrite
                0x4001e4f0                SerialExpandRxBuffer(int, int)
                0x4001e904                serexternalclose
                0x4001dab4                fake_SER_6_ISR()
                0x4001d968                SER_2_ISR
                0x4001da0c                fake_SER_4_ISR()
                0x4001db5c                fake_SER_8_ISR()
                0x4001d8d0                fake_SER_1_ISR()
                0x4001d9b8                fake_SER_3_ISR()
                0x4001f5b0                real_SER_6_ISR
                0x4001dc98                SerialEnableHwTxFlow
 *fill*         0x4001f6ee        0x2 00
 .text          0x4001f6f0     0x265e C:\nburn/lib/MOD5441X.a(ethernet.o)
                0x40020a60                AddEthernetInterface()
                0x4001fa04                StopEnet0()
                0x400210d4                EthernetVars::EthTransmitBuffer(pool_buffer*)
                0x4001fb60                EtherLink()
                0x400214dc                real_txenetisr0
                0x40021a40                real_txenetisr1
                0x40021290                EthernetVars::TxIsrProc(unsigned long volatile&, unsigned long, unsigned long)
                0x4001f7f0                txenetisr1
                0x4001fae0                EtherSpeed100()
                0x4001fc04                EthernetVars::SetPromiscuous(unsigned char)
                0x40020754                EthernetVars::InitializeEthernet(int, int, MACADR&)
                0x4001f9b0                EthernetVars::StopEnet()
                0x4001fba0                EtherLink0()
                0x40021278                EthTransmitBuffer0(pool_buffer*)
                0x400217c0                EthernetVars::ProcessRxBuffer(pool_buffer*)
                0x40021510                EthernetVars::RxIsrProc(unsigned long volatile&, unsigned long, unsigned long)
                0x40021758                real_rxenetisr1
                0x4001f8cc                EthernetVars::GetMII(unsigned char)
                0x400201d8                EthernetVars::ResetEnet()
                0x4001f6f4                rxenetisr0
                0x4001f984                EthernetVars::SetMII(unsigned char, unsigned short)
                0x4001f748                txenetisr0
                0x4001f8f0                EthernetVars::SetMII(unsigned char, unsigned char, unsigned short)
                0x4001fcd0                EthernetVars::ResetEnetPart2()
                0x40020d94                EnablePHY()
                0x40020cd8                EthernetVars::EnablePHY()
                0x40020c30                EthernetVars::ManualEthernetConfig(unsigned char, unsigned char, unsigned char)
                0x4001fa18                EthernetVars::DisablePHY()
                0x4001fc84                EthMultifunc0(MACADR, unsigned char)
                0x400219d8                real_rxenetisr0
                0x4001fc44                SetPromiscuous(unsigned char)
                0x4001f840                EthernetVars::GetMII(unsigned char, unsigned char)
                0x4001f744                fake_txenetisr0()
                0x40020da8                EthernetVars::ProcessDuplexStatus(unsigned short)
                0x4001facc                DisablePHY()
                0x40020ca8                ManualEthernetConfig(unsigned char, unsigned char, unsigned char)
                0x40020b84                EthernetVars::WarmEnetReset()
                0x40021aa8                Ether_ProcessTask(void*)
                0x4001fb20                EtherDuplex()
                0x4001f7ec                fake_txenetisr1()
                0x4001f798                fake_rxenetisr1()
                0x4001f6f0                fake_rxenetisr0()
                0x4001f79c                rxenetisr1
 *fill*         0x40021d4e        0x2 00
 .text          0x40021d50      0xc80 C:\nburn/lib/MOD5441X.a(etherprint.o)
                0x40022140                EthernetVars::ShowLinkStatus()
                0x400229bc                denet()
                0x40021d8c                ShowESWRegisters()
                0x40022214                EthernetVars::ShowMII(unsigned char, unsigned char, char const*, unsigned short)
                0x40022538                EthernetVars::ShowFECRegisters()
                0x40022284                EthernetVars::ShowPhyterMII()
                0x40021d64                EthernetVars::EtherSpeed100()
                0x40021d50                EthernetVars::EtherLink()
                0x40021d78                EthernetVars::EtherDuplex()
                0x400229a8                dEnet()
                0x40022964                DoDumpEnet
                0x400220b4                showbinary(unsigned short, unsigned short)
 .text          0x400229d0      0x35a C:\nburn/lib/MOD5441X.a(emulticast.o)
                0x40022b78                EthernetVars::EthEnableMulticast(MACADR)
                0x400229d0                GetMultiCastCRC(MACADR)
                0x40022a10                EthernetVars::EthDisableMulticast(MACADR)
 *fill*         0x40022d2a        0x2 00
 .text          0x40022d2c      0x2b6 C:\nburn/lib/MOD5441X.a(ether2nd.o)
                0x40022f9c                EtherLink1()
                0x40022fcc                StopEnet1()
                0x40022f6c                EthTransmitBuffer1(pool_buffer*)
                0x40022d2c                Add2ndEthernet()
                0x40022f20                EthMultifunc1(MACADR, unsigned char)
 *fill*         0x40022fe2        0x2 00
 .text          0x40022fe4      0x6f4 C:\nburn/lib/MOD5441X.a(etherswitch.o)
                0x400233cc                eswlrnisr
                0x400233c8                fake_eswlrnisr()
                0x40023014                SetMacEntry(unsigned long, unsigned long, unsigned long)
                0x40023320                fake_rxeswitchisr()
                0x400230d0                UpdateMacTable(bool, long, unsigned char*, unsigned int, unsigned int)
                0x40023630                real_txeswitchisr
                0x40023080                crc8_calc(unsigned char*)
                0x40023040                ClearMacTable()
                0x40023324                rxeswitchisr
                0x4002341c                real_eswlrnisr
                0x40023374                fake_txeswitchisr()
                0x400234a4                EtherSwitchInit()
                0x40023378                txeswitchisr
                0x4002329c                InitMacTable()
                0x40022fe4                GetMacEntry(unsigned long, unsigned long*, unsigned long*)
                0x40023684                real_rxeswitchisr
 .text          0x400236d8        0x0 C:\nburn/lib/MOD5441X.a(weak_autoenet_var.o)
 .text          0x400236d8      0x1f2 C:\nburn/lib/NetBurner.a(netrx.o)
                0x400236d8                NetDoRX(pool_buffer*, unsigned short, int)
 *fill*         0x400238ca        0x2 00
 .text          0x400238cc      0x172 C:\nburn/lib/NetBurner.a(multiconfig.o)
                0x400238cc                SetupIFConfigRec(_InterfaceBlock&)
 *fill*         0x40023a3e        0x2 00
 .text          0x40023a40        0x0 c:/nburn/gcc-m68k/bin/../lib/gcc/m68k-elf/4.2.1/../../../../m68k-elf/lib/m5206e\libstdc++.a(del_op.o)
 .text          0x40023a40       0x34 c:/nburn/gcc-m68k/bin/../lib/gcc/m68k-elf/4.2.1/../../../../m68k-elf/lib/m5206e\libm.a(lib_a-s_isnand.o)
                0x40023a40                __isnand
 .text          0x40023a74      0x1b8 c:/nburn/gcc-m68k/bin/../lib/gcc/m68k-elf/4.2.1/../../../../m68k-elf/lib/m5206e\libm.a(lib_a-s_modf.o)
                0x40023a74                modf
 .text          0x40023c2c      0xba0 c:/nburn/gcc-m68k/bin/../lib/gcc/m68k-elf/4.2.1/m5206e\libgcc.a(_double.o)
                0x4002472a                __cmpdf2
                0x40023c8c                __adddf3
                0x400245f4                __negdf2
                0x40024304                __divdf3
                0x40024652                __cmpdf2_internal
                0x40024128                __muldf3
                0x40023c86                __subdf3
 .text          0x400247cc       0x74 c:/nburn/gcc-m68k/bin/../lib/gcc/m68k-elf/4.2.1/m5206e\libgcc.a(_floatex.o)
                0x400247d8                $_exception_handler
                0x400247cc                __clear_sticky_bit
 .text          0x40024840       0x22 c:/nburn/gcc-m68k/bin/../lib/gcc/m68k-elf/4.2.1/m5206e\libgcc.a(_eqdf2.o)
                0x40024840                __eqdf2
 *fill*         0x40024862        0x2 00
 .text          0x40024864       0x22 c:/nburn/gcc-m68k/bin/../lib/gcc/m68k-elf/4.2.1/m5206e\libgcc.a(_nedf2.o)
                0x40024864                __nedf2
 *fill*         0x40024886        0x2 00
 .text          0x40024888       0x22 c:/nburn/gcc-m68k/bin/../lib/gcc/m68k-elf/4.2.1/m5206e\libgcc.a(_gtdf2.o)
                0x40024888                __gtdf2
 *fill*         0x400248aa        0x2 00
 .text          0x400248ac       0x22 c:/nburn/gcc-m68k/bin/../lib/gcc/m68k-elf/4.2.1/m5206e\libgcc.a(_gedf2.o)
                0x400248ac                __gedf2
 *fill*         0x400248ce        0x2 00
 .text          0x400248d0       0x22 c:/nburn/gcc-m68k/bin/../lib/gcc/m68k-elf/4.2.1/m5206e\libgcc.a(_ltdf2.o)
                0x400248d0                __ltdf2
 *fill*         0x400248f2        0x2 00
 .text          0x400248f4       0x88 c:/nburn/gcc-m68k/bin/../lib/gcc/m68k-elf/4.2.1/m5206e\libgcc.a(_fixunsdfdi.o)
                0x400248f4                __fixunsdfdi
 .text          0x4002497c      0x4f6 c:/nburn/gcc-m68k/bin/../lib/gcc/m68k-elf/4.2.1/m5206e\libgcc.a(_udivdi3.o)
                0x4002497c                __udivdi3
 *fill*         0x40024e72        0x2 00
 .text          0x40024e74      0x4f8 c:/nburn/gcc-m68k/bin/../lib/gcc/m68k-elf/4.2.1/m5206e\libgcc.a(_umoddi3.o)
                0x40024e74                __umoddi3
 .text          0x4002536c      0x49a c:/nburn/gcc-m68k/bin/../lib/gcc/m68k-elf/4.2.1/m5206e\libgcc.a(fpgnulib.o)
                0x400257ec                __fixsfsi
                0x400254d4                __floatsidf
                0x400255aa                __extendsfdf2
                0x40025462                __floatunsidf
                0x4002576c                __fixdfsi
                0x40025590                __floatsisf
                0x40025644                __truncdfsf2
                0x4002536c                __unordsf2
                0x40025576                __floatunsisf
                0x400253ce                __unorddf2
 *fill*         0x40025806        0x2 00
 .text          0x40025808        0x0 c:/nburn/gcc-m68k/bin/../lib/gcc/m68k-elf/4.2.1/m5206e\libgcc.a(_clz.o)
 .text          0x40025808       0x7a c:/nburn/gcc-m68k/bin/../lib/gcc/m68k-elf/4.2.1/m5206e\libgcc.a(_fixunsdfsi.o)
                0x40025808                __fixunsdfsi
 *fill*         0x40025882        0x2 00
 .text          0x40025884       0x34 c:/nburn/gcc-m68k/bin/../lib/gcc/m68k-elf/4.2.1/../../../../m68k-elf/lib/m5206e\libc.a(lib_a-atoi.o)
                0x40025884                _atoi_r
                0x400258a0                atoi
 .text          0x400258b8       0x64 c:/nburn/gcc-m68k/bin/../lib/gcc/m68k-elf/4.2.1/../../../../m68k-elf/lib/m5206e\libc.a(lib_a-bsearch.o)
                0x400258b8                bsearch
 .text          0x4002591c       0x1e c:/nburn/gcc-m68k/bin/../lib/gcc/m68k-elf/4.2.1/../../../../m68k-elf/lib/m5206e\libc.a(lib_a-cxa_atexit.o)
                0x4002591c                __cxa_atexit
 *fill*         0x4002593a        0x2 00
 .text          0x4002593c        0xe c:/nburn/gcc-m68k/bin/../lib/gcc/m68k-elf/4.2.1/../../../../m68k-elf/lib/m5206e\libc.a(lib_a-errno.o)
                0x4002593c                __errno
 *fill*         0x4002594a        0x2 00
 .text          0x4002594c       0x24 c:/nburn/gcc-m68k/bin/../lib/gcc/m68k-elf/4.2.1/../../../../m68k-elf/lib/m5206e\libc.a(lib_a-fiprintf.o)
                0x4002594c                fiprintf
 .text          0x40025970        0x0 c:/nburn/gcc-m68k/bin/../lib/gcc/m68k-elf/4.2.1/../../../../m68k-elf/lib/m5206e\libc.a(lib_a-impure.o)
 .text          0x40025970       0x1c c:/nburn/gcc-m68k/bin/../lib/gcc/m68k-elf/4.2.1/../../../../m68k-elf/lib/m5206e\libc.a(lib_a-isspace.o)
                0x40025970                isspace
 .text          0x4002598c       0x32 c:/nburn/gcc-m68k/bin/../lib/gcc/m68k-elf/4.2.1/../../../../m68k-elf/lib/m5206e\libc.a(lib_a-malloc.o)
                0x400259a6                malloc
                0x4002598c                free
 *fill*         0x400259be        0x2 00
 .text          0x400259c0      0x78c c:/nburn/gcc-m68k/bin/../lib/gcc/m68k-elf/4.2.1/../../../../m68k-elf/lib/m5206e\libc.a(lib_a-mallocr.o)
                0x400259c0                _malloc_r
 .text          0x4002614c       0x8a c:/nburn/gcc-m68k/bin/../lib/gcc/m68k-elf/4.2.1/../../../../m68k-elf/lib/m5206e\libc.a(lib_a-puts.o)
                0x4002614c                _puts_r
                0x400261c0                puts
 *fill*         0x400261d6        0x2 00
 .text          0x400261d8       0x6a c:/nburn/gcc-m68k/bin/../lib/gcc/m68k-elf/4.2.1/../../../../m68k-elf/lib/m5206e\libc.a(lib_a-rand.o)
                0x400261f0                rand
                0x400261d8                srand
 *fill*         0x40026242        0x2 00
 .text          0x40026244       0x4e c:/nburn/gcc-m68k/bin/../lib/gcc/m68k-elf/4.2.1/../../../../m68k-elf/lib/m5206e\libc.a(lib_a-rget.o)
                0x4002627e                __srget
                0x40026244                __srget_r
 *fill*         0x40026292        0x2 00
 .text          0x40026294      0x1ee c:/nburn/gcc-m68k/bin/../lib/gcc/m68k-elf/4.2.1/../../../../m68k-elf/lib/m5206e\libc.a(lib_a-setvbuf.o)
                0x40026294                setvbuf
 *fill*         0x40026482        0x2 00
 .text          0x40026484       0x92 c:/nburn/gcc-m68k/bin/../lib/gcc/m68k-elf/4.2.1/../../../../m68k-elf/lib/m5206e\libc.a(lib_a-strcasecmp.o)
                0x40026484                strcasecmp
 *fill*         0x40026516        0x2 00
 .text          0x40026518       0x1a c:/nburn/gcc-m68k/bin/../lib/gcc/m68k-elf/4.2.1/../../../../m68k-elf/lib/m5206e\libc.a(lib_a-strlen.o)
                0x40026518                strlen
 *fill*         0x40026532        0x2 00
 .text          0x40026534       0x46 c:/nburn/gcc-m68k/bin/../lib/gcc/m68k-elf/4.2.1/../../../../m68k-elf/lib/m5206e\libc.a(lib_a-strstr.o)
                0x40026534                strstr
 *fill*         0x4002657a        0x2 00
 .text          0x4002657c      0x18a c:/nburn/gcc-m68k/bin/../lib/gcc/m68k-elf/4.2.1/../../../../m68k-elf/lib/m5206e\libc.a(lib_a-strtol.o)
                0x400266e8                strtol
                0x4002657c                _strtol_r
 *fill*         0x40026706        0x2 00
 .text          0x40026708       0x26 c:/nburn/gcc-m68k/bin/../lib/gcc/m68k-elf/4.2.1/../../../../m68k-elf/lib/m5206e\libc.a(lib_a-toupper.o)
                0x40026708                toupper
 *fill*         0x4002672e        0x2 00
 .text          0x40026730     0x1280 c:/nburn/gcc-m68k/bin/../lib/gcc/m68k-elf/4.2.1/../../../../m68k-elf/lib/m5206e\libc.a(lib_a-vfiprintf.o)
                0x40027992                vfiprintf
                0x40026774                _vfiprintf_r
 .text          0x400279b0      0x124 c:/nburn/gcc-m68k/bin/../lib/gcc/m68k-elf/4.2.1/../../../../m68k-elf/lib/m5206e\libc.a(lib_a-wbuf.o)
                0x400279b0                __swbuf_r
                0x40027aba                __swbuf
 .text          0x40027ad4       0x7c c:/nburn/gcc-m68k/bin/../lib/gcc/m68k-elf/4.2.1/../../../../m68k-elf/lib/m5206e\libc.a(lib_a-wcrtomb.o)
                0x40027ad4                _wcrtomb_r
                0x40027b34                wcrtomb
 .text          0x40027b50      0x130 c:/nburn/gcc-m68k/bin/../lib/gcc/m68k-elf/4.2.1/../../../../m68k-elf/lib/m5206e\libc.a(lib_a-wcsrtombs.o)
                0x40027b50                _wcsrtombs_r
                0x40027c5e                wcsrtombs
 .text          0x40027c80      0x452 c:/nburn/gcc-m68k/bin/../lib/gcc/m68k-elf/4.2.1/../../../../m68k-elf/lib/m5206e\libc.a(lib_a-wctomb_r.o)
                0x40027c80                _wctomb_r
 *fill*         0x400280d2        0x2 00
 .text          0x400280d4      0x130 c:/nburn/gcc-m68k/bin/../lib/gcc/m68k-elf/4.2.1/../../../../m68k-elf/lib/m5206e\libc.a(lib_a-wsetup.o)
                0x400280d4                __swsetup
 .text          0x40028204       0xe8 c:/nburn/gcc-m68k/bin/../lib/gcc/m68k-elf/4.2.1/../../../../m68k-elf/lib/m5206e\libc.a(lib_a-__atexit.o)
                0x40028204                __register_exitproc
 .text          0x400282ec        0x0 c:/nburn/gcc-m68k/bin/../lib/gcc/m68k-elf/4.2.1/../../../../m68k-elf/lib/m5206e\libc.a(lib_a-ctype_.o)
 .text          0x400282ec      0x198 c:/nburn/gcc-m68k/bin/../lib/gcc/m68k-elf/4.2.1/../../../../m68k-elf/lib/m5206e\libc.a(lib_a-fflush.o)
                0x400282ec                fflush
 .text          0x40028484      0x25e c:/nburn/gcc-m68k/bin/../lib/gcc/m68k-elf/4.2.1/../../../../m68k-elf/lib/m5206e\libc.a(lib_a-findfp.o)
                0x400284de                __sinit
                0x40028596                __sfmoreglue
                0x40028584                _cleanup
                0x4002856a                _cleanup_r
                0x40028604                __sfp
 *fill*         0x400286e2        0x2 00
 .text          0x400286e4      0x422 c:/nburn/gcc-m68k/bin/../lib/gcc/m68k-elf/4.2.1/../../../../m68k-elf/lib/m5206e\libc.a(lib_a-freer.o)
                0x400287d4                _free_r
                0x400286e4                _malloc_trim_r
 *fill*         0x40028b06        0x2 00
 .text          0x40028b08      0x37e c:/nburn/gcc-m68k/bin/../lib/gcc/m68k-elf/4.2.1/../../../../m68k-elf/lib/m5206e\libc.a(lib_a-fvwrite.o)
                0x40028b08                __sfvwrite_r
 *fill*         0x40028e86        0x2 00
 .text          0x40028e88       0xe4 c:/nburn/gcc-m68k/bin/../lib/gcc/m68k-elf/4.2.1/../../../../m68k-elf/lib/m5206e\libc.a(lib_a-fwalk.o)
                0x40028e88                _fwalk
                0x40028ef8                _fwalk_reent
 .text          0x40028f6c       0xa6 c:/nburn/gcc-m68k/bin/../lib/gcc/m68k-elf/4.2.1/../../../../m68k-elf/lib/m5206e\libc.a(lib_a-locale.o)
                0x40028f9a                _setlocale_r
                0x40028f6c                __locale_charset
                0x40028f7a                _localeconv_r
                0x40028ffa                setlocale
                0x40028f88                localeconv
 *fill*         0x40029012        0x2 00
 .text          0x40029014      0x178 c:/nburn/gcc-m68k/bin/../lib/gcc/m68k-elf/4.2.1/../../../../m68k-elf/lib/m5206e\libc.a(lib_a-makebuf.o)
                0x40029014                __smakebuf
 .text          0x4002918c       0xd2 c:/nburn/gcc-m68k/bin/../lib/gcc/m68k-elf/4.2.1/../../../../m68k-elf/lib/m5206e\libc.a(lib_a-memchr.o)
                0x4002918c                memchr
 *fill*         0x4002925e        0x2 00
 .text          0x40029260       0xb6 c:/nburn/gcc-m68k/bin/../lib/gcc/m68k-elf/4.2.1/../../../../m68k-elf/lib/m5206e\libc.a(lib_a-memmove.o)
                0x40029260                memmove
 *fill*         0x40029316        0x2 00
 .text          0x40029318      0x502 c:/nburn/gcc-m68k/bin/../lib/gcc/m68k-elf/4.2.1/../../../../m68k-elf/lib/m5206e\libc.a(lib_a-reallocr.o)
                0x40029318                _realloc_r
 *fill*         0x4002981a        0x2 00
 .text          0x4002981c      0x21c c:/nburn/gcc-m68k/bin/../lib/gcc/m68k-elf/4.2.1/../../../../m68k-elf/lib/m5206e\libc.a(lib_a-refill.o)
                0x40029840                __srefill_r
 .text          0x40029a38      0x162 c:/nburn/gcc-m68k/bin/../lib/gcc/m68k-elf/4.2.1/../../../../m68k-elf/lib/m5206e\libc.a(lib_a-stdio.o)
                0x40029a56                __sseek
                0x40029b48                __sread
                0x40029a38                __sclose
                0x40029ab8                __swrite
 *fill*         0x40029b9a        0x2 00
 .text          0x40029b9c       0x70 c:/nburn/gcc-m68k/bin/../lib/gcc/m68k-elf/4.2.1/../../../../m68k-elf/lib/m5206e\libc.a(lib_a-strcmp.o)
                0x40029b9c                strcmp
 .text          0x40029c0c       0x3e c:/nburn/gcc-m68k/bin/../lib/gcc/m68k-elf/4.2.1/../../../../m68k-elf/lib/m5206e\libc.a(lib_a-writer.o)
                0x40029c0c                _write_r
 *fill*         0x40029c4a        0x2 00
 .text          0x40029c4c       0x32 c:/nburn/gcc-m68k/bin/../lib/gcc/m68k-elf/4.2.1/../../../../m68k-elf/lib/m5206e\libc.a(lib_a-closer.o)
                0x40029c4c                _close_r
 *fill*         0x40029c7e        0x2 00
 .text          0x40029c80       0xfe c:/nburn/gcc-m68k/bin/../lib/gcc/m68k-elf/4.2.1/../../../../m68k-elf/lib/m5206e\libc.a(lib_a-fclose.o)
                0x40029c80                _fclose_r
                0x40029d68                fclose
 *fill*         0x40029d7e        0x2 00
 .text          0x40029d80       0x36 c:/nburn/gcc-m68k/bin/../lib/gcc/m68k-elf/4.2.1/../../../../m68k-elf/lib/m5206e\libc.a(lib_a-fstatr.o)
                0x40029d80                _fstat_r
 *fill*         0x40029db6        0x2 00
 .text          0x40029db8       0x3e c:/nburn/gcc-m68k/bin/../lib/gcc/m68k-elf/4.2.1/../../../../m68k-elf/lib/m5206e\libc.a(lib_a-lseekr.o)
                0x40029db8                _lseek_r
 *fill*         0x40029df6        0x2 00
 .text          0x40029df8       0x3e c:/nburn/gcc-m68k/bin/../lib/gcc/m68k-elf/4.2.1/../../../../m68k-elf/lib/m5206e\libc.a(lib_a-readr.o)
                0x40029df8                _read_r
 *fill*         0x40029e36        0x2 00
 .text          0x40029e38       0x72 c:/nburn/gcc-m68k/bin/../lib/gcc/m68k-elf/4.2.1/m5206e\libgcc.a(_muldi3.o)
                0x40029e38                __muldi3
 *fill*         0x40029eaa        0x2 00
 .text          0x40029eac       0x32 c:/nburn/gcc-m68k/bin/../lib/gcc/m68k-elf/4.2.1/m5206e/crtend.o
                0x40029ee0                . = ALIGN (0x10)
 *fill*         0x40029ede        0x2 00
 *(.text.*)
 .text._ZdlPv   0x40029ee0       0x16 c:/nburn/gcc-m68k/bin/../lib/gcc/m68k-elf/4.2.1/../../../../m68k-elf/lib/m5206e\libstdc++.a(del_op.o)
                0x40029ee0                operator delete(void*)
                0x40029f00                . = ALIGN (0x10)
 *fill*         0x40029ef6        0xa 00
 *(.eh_frame)
 .eh_frame      0x40029f00        0x0 c:/nburn/gcc-m68k/bin/../lib/gcc/m68k-elf/4.2.1/m5206e/crtbegin.o
 .eh_frame      0x40029f00       0x40 c:/nburn/gcc-m68k/bin/../lib/gcc/m68k-elf/4.2.1/m5206e\libgcc.a(_udivdi3.o)
 .eh_frame      0x40029f40       0x2c c:/nburn/gcc-m68k/bin/../lib/gcc/m68k-elf/4.2.1/m5206e\libgcc.a(_umoddi3.o)
                                 0x40 (size before relaxing)
 .eh_frame      0x40029f6c        0x4 c:/nburn/gcc-m68k/bin/../lib/gcc/m68k-elf/4.2.1/m5206e/crtend.o
                0x40029f70                . = ALIGN (0x10)
 *fill*         0x40029f70        0x0 00
 *(.gnu.linkonce.t.*)
                0x40029f70                . = ALIGN (0x4)
                0x40029f70                __CTOR_LIST__ = .
 *(.ctors)
 .ctors         0x40029f70        0x4 c:/nburn/gcc-m68k/bin/../lib/gcc/m68k-elf/4.2.1/m5206e/crtbegin.o
 .ctors         0x40029f74        0x4 lab5.o
 .ctors         0x40029f78        0x4 C:\nburn/lib/MOD5441X.a(dspi.o)
 .ctors         0x40029f7c        0x4 C:\nburn/lib/NetBurner.a(ip.o)
 .ctors         0x40029f80        0x4 C:\nburn/lib/NetBurner.a(buffers.o)
 .ctors         0x40029f84        0x4 C:\nburn/lib/NetBurner.a(tcp.o)
 .ctors         0x40029f88        0x4 C:\nburn/lib/MOD5441X.a(serial.o)
 .ctors         0x40029f8c        0x4 c:/nburn/gcc-m68k/bin/../lib/gcc/m68k-elf/4.2.1/m5206e/crtend.o
                0x40029f90                __CTOR_END__ = .
                0x40029f90        0x4 LONG 0x0
                0x40029f94                __CTOR_END__ = .
                0x40029f94                __DTOR_LIST__ = .
                0x40029f94                ___DTOR_LIST__ = .
                0x40029f94        0x4 LONG 0x2 (((__DTOR_END__ - __DTOR_LIST__) / 0x4) - 0x2)
 *(.dtors)
 .dtors         0x40029f98        0x4 c:/nburn/gcc-m68k/bin/../lib/gcc/m68k-elf/4.2.1/m5206e/crtbegin.o
 .dtors         0x40029f9c        0x4 c:/nburn/gcc-m68k/bin/../lib/gcc/m68k-elf/4.2.1/m5206e/crtend.o
                0x40029fa0        0x4 LONG 0x0
                0x40029fa4                __DTOR_END__ = .
 *(.rodata)
 .rodata        0x40029fa4      0x690 LCD.o
 .rodata        0x4002a634       0xa0 Keypad.o
 .rodata        0x4002a6d4   0x17be39 htmldata.o
                0x4002a6d4                n_file_record
                0x4002a6d8                file_record
 .rodata        0x401a650d      0x108 C:\nburn/lib/NetBurner.a(ucos.o)
                0x401a6515                FAKE_OSUnMapTbl
                0x401a650d                FAKE_OSMapTbl
 *fill*         0x401a6615        0xb 00
 .rodata        0x401a6620        0x4 C:\nburn/lib/NetBurner.a(buffers.o)
 .rodata        0x401a6624        0x2 C:\nburn/lib/NetBurner.a(udp.o)
 .rodata        0x401a6626        0xd C:\nburn/lib/NetBurner.a(tcp.o)
 *fill*         0x401a6633        0x1 00
 .rodata        0x401a6634       0xb8 C:\nburn/lib/NetBurner.a(utils.o)
 .rodata        0x401a66ec       0x50 C:\nburn/lib/MOD5441X.a(serial.o)
 .rodata        0x401a673c      0x400 C:\nburn/lib/MOD5441X.a(emulticast.o)
 .rodata        0x401a6b3c        0x1 C:\nburn/lib/MOD5441X.a(weak_autoenet_var.o)
                0x401a6b3c                bAutomatic2ndEther
 .rodata        0x401a6b3d      0x100 c:/nburn/gcc-m68k/bin/../lib/gcc/m68k-elf/4.2.1/m5206e\libgcc.a(_clz.o)
                0x401a6b3d                __clz_tab
 *fill*         0x401a6c3d        0x1 00
 .rodata        0x401a6c3e        0x4 c:/nburn/gcc-m68k/bin/../lib/gcc/m68k-elf/4.2.1/../../../../m68k-elf/lib/m5206e\libc.a(lib_a-impure.o)
                0x401a6c3e                _global_impure_ptr
 .rodata        0x401a6c42       0x20 c:/nburn/gcc-m68k/bin/../lib/gcc/m68k-elf/4.2.1/../../../../m68k-elf/lib/m5206e\libc.a(lib_a-vfiprintf.o)
 .rodata        0x401a6c62      0x101 c:/nburn/gcc-m68k/bin/../lib/gcc/m68k-elf/4.2.1/../../../../m68k-elf/lib/m5206e\libc.a(lib_a-ctype_.o)
                0x401a6c62                _ctype_
 *fill*         0x401a6d63        0x1 00
 .rodata        0x401a6d64       0x34 c:/nburn/gcc-m68k/bin/../lib/gcc/m68k-elf/4.2.1/../../../../m68k-elf/lib/m5206e\libc.a(lib_a-locale.o)
 *(.rodata.*)
 .rodata.str1.1
                0x401a6d98       0x57 lab5.o
 .rodata.str1.1
                0x401a6def       0x23 formdata.o
 *fill*         0x401a6e12        0x2 00
 .rodata._ZTV8FormData
                0x401a6e14       0x10 formdata.o
                0x401a6e14                vtable for FormData
 .rodata.str1.1
                0x401a6e24       0x12 formcode.o
 .rodata.str1.1
                0x401a6e36       0xec error_wrapper.o
 *fill*         0x401a6f22        0x2 00
 .rodata._ZTV7Stepper
                0x401a6f24       0x10 Stepper.o
                0x401a6f24                vtable for Stepper
 .rodata.str1.1
                0x401a6f34       0x3c LCD.o
 .rodata._ZTV3LCD
                0x401a6f70       0x10 LCD.o
                0x401a6f70                vtable for LCD
 .rodata._ZTV2AD
                0x401a6f80       0x10 AD.o
                0x401a6f80                vtable for AD
 .rodata.str1.1
                0x401a6f90      0x2c2 htmldata.o
                                0x2f2 (size before relaxing)
 .rodata.str1.1
                0x401a7252        0x9 C:\nburn/lib/MOD5441X.a(bsp.o)
 .rodata.str1.1
                0x401a725b        0x5 C:\nburn/lib/NetBurner.a(ucos.o)
 .rodata.str1.1
                0x401a7260        0x3 C:\nburn/lib/NetBurner.a(fileio.o)
                                  0x6 (size before relaxing)
 .rodata.str1.1
                0x401a7263        0x5 C:\nburn/lib/NetBurner.a(main.o)
 .rodata.str1.1
                0x401a7268      0x212 C:\nburn/lib/NetBurner.a(ip.o)
                                0x217 (size before relaxing)
 .rodata.str1.1
                0x401a747a       0x6e C:\nburn/lib/NetBurner.a(buffers.o)
                                 0x70 (size before relaxing)
 .rodata.str1.1
                0x401a74e8       0x50 C:\nburn/lib/NetBurner.a(arp.o)
 .rodata.str1.1
                0x401a7538       0x18 C:\nburn/lib/NetBurner.a(udp.o)
 .rodata.str1.1
                0x401a7550      0x38f C:\nburn/lib/NetBurner.a(tcp.o)
                                0x392 (size before relaxing)
 .rodata.str1.1